// Jest Snapshot v1, https://goo.gl/fbAQLP

exports[`sortByFolder 1`] = `
[
  {
    "attributes": {
      "Artist": "@BoxPalette",
      "Drop": "5",
      "Rarity": "Common",
      "Season": "2",
      "Variation": "2",
    },
    "coverImage": "https://arweave.net/3FTi2H04ciHX_-C-AKPE3Kyv-QbVZ6ATvi7OQjFrx1c?ext=jpg",
    "description": "A special Earth Day drop from Sunrise Stake.",
    "id": "pgeKiPdXuNLBWjgMzukqMeKYieVk8h4n2swYzvtQMXn",
    "media": "https://arweave.net/3FTi2H04ciHX_-C-AKPE3Kyv-QbVZ6ATvi7OQjFrx1c?ext=jpg",
    "name": "Mirrored Paradise",
    "type": "image/jpeg",
  },
  {
    "attributes": {
      "Artist": "@mapez_nft",
      "Drop": "3",
      "Rarity": "Rare",
      "Season": "2",
      "Variation": "2",
    },
    "coverImage": "https://arweave.net/Wv2zER9iUtVnJxSyukicBIYSCixDAiJiCmT1cbwbc8w?ext=png",
    "description": "A collectible figure from the Lunagrins universe.",
    "id": "yMY6SVBb9fE64uZJpEwmGU13kBcwz2h3okGADnodC2i",
    "media": "https://arweave.net/Wv2zER9iUtVnJxSyukicBIYSCixDAiJiCmT1cbwbc8w?ext=png",
    "name": "Luna Grins DRiP Red",
    "type": "image/png",
  },
  {
    "attributes": {},
    "coverImage": "https://dialect-file-storage.s3.us-west-2.amazonaws.com/stickers/dialect-genesis-mint/gm-1-static.png",
    "description": "Dialect Genesis Mint Sticker 1",
    "id": "3hu9v5wtiVSBgFGkjqsZGJwxh1ybU76PToKxnawdj3mS",
    "media": "https://dialect-file-storage.s3.us-west-2.amazonaws.com/stickers/dialect-genesis-mint/gm-1-static.png",
    "name": "GM 1",
    "type": "image/png",
  },
  {
    "attributes": {},
    "coverImage": "https://arweave.net/1E5o9dwpU-8p8yzw5ujDdruEY0wLewBJhgGw8PGLQhs?ext=png",
    "description": "An Homage to the 75 Heroic Developers Who Saved Solana",
    "id": "469Bn7N16tVKUwe26n8Hd6JRAjLAbFdPjp5Qd1NTZjAV",
    "media": "https://arweave.net/1E5o9dwpU-8p8yzw5ujDdruEY0wLewBJhgGw8PGLQhs?ext=png",
    "name": "The 75",
    "type": "image/png",
  },
  {
    "attributes": {},
    "coverImage": "https://res.cloudinary.com/dtzqgftjk/image/upload/v1680767378/APR_-_POAP_enuwvj.png",
    "description": "Thank you for attending the April 2023 Ecosystem Call!",
    "id": "4XkuX4uE2NX4RnqD7ewRhyQqAwxgDhHo4TStJaRLDY7a",
    "media": "https://res.cloudinary.com/dtzqgftjk/image/upload/v1680767378/APR_-_POAP_enuwvj.png",
    "name": "Solana Ecosystem Call - April 2023",
    "type": "image/png",
  },
  {
    "attributes": {},
    "coverImage": "https://res.cloudinary.com/dtzqgftjk/image/upload/v1683186587/May_2023_c2qibg.jpg",
    "description": "Thank you for attending the May 2023 Ecosystem Call!",
    "id": "4eBGs4PooASYcE8CU4urRXmGe1Q3NtTEgSEt525KaHhi",
    "media": "https://res.cloudinary.com/dtzqgftjk/image/upload/v1683186587/May_2023_c2qibg.jpg",
    "name": "Solana Ecosystem Call - May 2023",
    "type": "image/jpeg",
  },
  {
    "attributes": {
      "Artist": "@0xShanksy",
      "Drop": "6",
      "Rarity": "Rare",
      "Season": "2",
      "Variation": "2",
    },
    "coverImage": "https://arweave.net/am7u4GTeOM6qSuEFzctMvkZIe9cbuNDIXwixOJkMxCA?ext=gif",
    "description": "Give a man a fish and he eats for a day, give a man games and he has endless entertainment.",
    "id": "52K8Ts4hnWeEMStCgupo7bFo2rcbhZKzoUvQTXiESryJ",
    "media": "https://arweave.net/am7u4GTeOM6qSuEFzctMvkZIe9cbuNDIXwixOJkMxCA?ext=gif",
    "name": "A Day on the Lake",
    "type": null,
  },
  {
    "attributes": {
      "Artist": "@HellbendersMC",
      "Drop": "8",
      "Rarity": "Common",
      "Season": "2",
      "Variation": "1",
    },
    "coverImage": "https://arweave.net/1hsVax4hwrRUdQ319rZka2CCWL2cd-zFPGjGrb7nUWc?ext=gif",
    "description": "Welcome to the Hellbenders Clubhouse! We’re an outlaw biker gang of amphibious superheroes on an epic adventure beyond time, space and the death-grip of global civilization. Join us at hellbenders.world.",
    "id": "6CsfQzSurCqC8zmrLqsomdTKSFhBZK1z6LzkZtwh2Sge",
    "media": "https://arweave.net/1hsVax4hwrRUdQ319rZka2CCWL2cd-zFPGjGrb7nUWc?ext=gif",
    "name": "Entering the Clubhouse",
    "type": null,
  },
  {
    "attributes": {
      "Artist": "@TOUGHIESnft",
      "Drop": "1",
      "Season": "2",
      "Variation": "13",
    },
    "coverImage": "https://arweave.net/fi8C4_MsRRXT86rG1WD86fScRbcuOLihD1uCjJcz970?ext=png",
    "description": "The Limited Collection by Toughies, Purple Suede , R1 | 3D glb Skate Deck",
    "id": "6jS8gAtpD2SSay64DCSbQbvsj7vzQh2oLB5JBozarwLk",
    "media": "https://arweave.net/fi8C4_MsRRXT86rG1WD86fScRbcuOLihD1uCjJcz970?ext=png",
    "name": "Soft",
    "type": "image/png",
  },
  {
    "attributes": {
      "Feeling": "WAO",
      "Held": "Madlist Key",
      "Intrinsic": "Blood Pact",
      "Rank": "Madlisted",
      "Wanting": "Madness",
    },
    "coverImage": "https://madlist-images.s3.us-west-2.amazonaws.com/mikemaccana.png",
    "description": "Welcome to the Family",
    "id": "7sE7z6aNjsooh47bSJhQJKmK8VE8eJE4WwszuNhDRni5",
    "media": "https://madlist-images.s3.us-west-2.amazonaws.com/mikemaccana.png",
    "name": "Mad Lad @mikemaccana",
    "type": "image/png",
  },
  {
    "attributes": {
      "Artist": "@MonkeRejects",
      "Drop": "2",
      "Rarity": "Common",
      "Season": "2",
      "Variation": "3",
    },
    "coverImage": "https://arweave.net/_0d2GpOQaoOiDCAvaCvG3JNQ59K25xF9EwDLrd7Bm4w?ext=png",
    "description": "A deconstructed Monke Reject.",
    "id": "9iYv1hXMWRmWFxFtouLYoCURjWrCa6j1zVcUEt9fYqFm",
    "media": "https://arweave.net/_0d2GpOQaoOiDCAvaCvG3JNQ59K25xF9EwDLrd7Bm4w?ext=png",
    "name": "High Fructose",
    "type": "image/png",
  },
  {
    "attributes": {},
    "coverImage": "https://res.cloudinary.com/dtzqgftjk/image/upload/v1683186587/May_2023_c2qibg.jpg",
    "description": "Thank you for attending the May 2023 Ecosystem Call!",
    "id": "BdrrfwywNSxTJSNQCS6wNyQxBn5bz2wHw8LkYeSr8Awa",
    "media": "https://res.cloudinary.com/dtzqgftjk/image/upload/v1683186587/May_2023_c2qibg.jpg",
    "name": "Solana Ecosystem Call - May 2023",
    "type": "image/jpeg",
  },
  {
    "attributes": {
      "familyName": "MacCana",
      "givenName": "Micheal-Sean",
      "isNotable": "false",
      "issuedAgainst": "5FHwkrdxntdK24hgQU8qgBjn35Y1zwhz1GZwCkP2UJnM",
      "type": "INDIVIDUAL",
      "version": "7",
    },
    "coverImage": "https://gateway.pinata.cloud/ipfs/QmXX3QMppHdN9y6fR85nTZr6dZYchZ9Yr1r3UK3r1X4gNT",
    "description": "Verification of real-world identity for Solana payments and apps",
    "id": "Be3eGDCarMkBbX6T4XuRiaWsZVHVX4aZMFgcYbzmcFEQ",
    "media": "https://gateway.pinata.cloud/ipfs/QmXX3QMppHdN9y6fR85nTZr6dZYchZ9Yr1r3UK3r1X4gNT",
    "name": "Portal Identity Token",
    "type": null,
  },
  {
    "attributes": {},
    "coverImage": "https://arweave.net/OHcMpEDu1K6fdfRbfYbXJYeCX8uctL0TB9Cg7Yst9P0?ext=png",
    "description": "Kimzo Girl Art",
    "id": "C5veJJL3hUq9s3aUymWjREGYoqbWSzX8aNRaZ9STSCNM",
    "media": "https://arweave.net/OHcMpEDu1K6fdfRbfYbXJYeCX8uctL0TB9Cg7Yst9P0?ext=png",
    "name": "Kimzo",
    "type": "image/png",
  },
  {
    "attributes": {
      "1. Background": "Mint",
      "2. Body": "Cyan variation",
      "3. Body wear": "Pink tentacles",
      "4. Mouth": "Green diamonds",
      "5. Head": "Pink flesh",
      "6. Headwear": "Spike hair",
      "7. Eyes": "Green diamonds",
    },
    "coverImage": "https://nftstorage.link/ipfs/QmPS5zYVeVe17HbxLq8k34So5uu2kPWfMKbGKEH5MzwxR5/138.png",
    "description": "5000 Trippy Skeletons back from the dead, but still high",
    "id": "D5Gw7n7hQJySg9PvML5zMA5zoTFWxGFRHm9mJV7MFnAJ",
    "media": "https://nftstorage.link/ipfs/QmPS5zYVeVe17HbxLq8k34So5uu2kPWfMKbGKEH5MzwxR5/138.png",
    "name": "Trippy Skeletons #1121",
    "type": "image/png",
  },
  {
    "attributes": {
      "Artist": "@pop_headz",
      "Drop": "4",
      "Rarity": "Common",
      "Season": "2",
      "Variation": "1",
    },
    "coverImage": "https://arweave.net/jtPKpjmiVds2AX7YnBBaDw2dyoJAv23la6zTEatAL9M?ext=jpg",
    "description": "Timestamp: 2377/06/16, Location: Neo-Tokyo, Item: Popheadz Digital Collectibles, Series: Project Bio Merge, Artist: Daniel Chang.",
    "id": "DUqqYNXuJKiCY6cNPh9hWLoDSxXwesWC9nrN7QvANzwh",
    "media": "https://arweave.net/jtPKpjmiVds2AX7YnBBaDw2dyoJAv23la6zTEatAL9M?ext=jpg",
    "name": ""Kokoro" (心)",
    "type": "image/jpeg",
  },
  {
    "attributes": {
      "Artist": "@wilsenway",
      "Drop": "7",
      "Rarity": "Common",
      "Season": "2",
      "Variation": "2",
    },
    "coverImage": "https://arweave.net/kVfgVE9CJrgBzVhgXph_jHgRWltA7piPtARLp0YQDo8?ext=jpg",
    "description": "Wilsen Way, 2011.",
    "id": "E2jrARxAYrwUr9EYTp6z7pz2np6xgG3xo2tSG4UZYwAv",
    "media": "https://arweave.net/kVfgVE9CJrgBzVhgXph_jHgRWltA7piPtARLp0YQDo8?ext=jpg",
    "name": "Before You're Gone",
    "type": "image/jpeg",
  },
  {
    "attributes": {},
    "coverImage": "https://shdw-drive.genesysgo.net/52zh6ZjiUQ5UKCwLBwob2k1BC3KF2qhvsE7V4e8g2pmD/mcdonalds_nft.png",
    "description": "Demo of composable loyalty. Not redeemable for a burger.",
    "id": "Ehmn6RgCgUSkD1ugkrrHcyZJECULxGN4wKuJ2XafLaQj",
    "media": "https://shdw-drive.genesysgo.net/52zh6ZjiUQ5UKCwLBwob2k1BC3KF2qhvsE7V4e8g2pmD/mcdonalds_nft.png",
    "name": "McBurger Demo",
    "type": "image/png",
  },
  {
    "collectables": [
      {
        "attributes": {
          "artist": "@Fevra_",
          "bpm": "87",
          "drop": "18",
          "genre": "Electric Soul",
          "key signature": "Bb Minor",
          "license": "General Consumption",
          "presented_by": "@solanaspaces",
          "time signature": "4/4",
          "type": "Instrumental",
        },
        "coverImage": "https://shdw-drive.genesysgo.net/52zh6ZjiUQ5UKCwLBwob2k1BC3KF2qhvsE7V4e8g2pmD/Fevra---Isolmetric.png",
        "description": "iSolmetric, 2023 — Bass recorded & performed by Stacey Shopsowitz | @StaceyPlaysBass — Music Produced, Mixed & Mastered in Ableton Live 11 by Fevra | @Fevra_ 87 BPM | Bb Minor | Time: 1:36 — Artwork created with AI & Photoshop 60 FPS | MP4 | 2304x2304",
        "id": "5ji7Ne9bS2Vqsv66taBc3N7hEYuawfVaGWsWSpFtZ1m",
        "media": "https://shdw-drive.genesysgo.net/52zh6ZjiUQ5UKCwLBwob2k1BC3KF2qhvsE7V4e8g2pmD/Fevra%20-%20iSolmetric.mp4",
        "name": "iSolmetric",
        "type": "video/mp4",
      },
      {
        "attributes": {
          "artist": "@toonies_art",
          "drop": "18",
          "presented_by": "@solanaspaces",
        },
        "coverImage": "https://shdw-drive.genesysgo.net/52zh6ZjiUQ5UKCwLBwob2k1BC3KF2qhvsE7V4e8g2pmD/Ascension%20of%20Toonies.gif",
        "description": "The 5 Toonies.",
        "id": "2z1YYf9Udxy9yYdU53PUVvgVrdqzGaEgyuj4xnLB96pN",
        "media": "https://shdw-drive.genesysgo.net/52zh6ZjiUQ5UKCwLBwob2k1BC3KF2qhvsE7V4e8g2pmD/Ascension%20of%20Toonies.gif",
        "name": "Ascension of Toonies",
        "type": "image/gif",
      },
      {
        "attributes": {
          "artist": "@IDerech",
          "collection": "Tokyo After Dark",
          "drop": "17",
          "film": "KODAK Portra 800",
          "presented_by": "@solanaspaces",
          "shot_on": "Leica M4 & ZEISS ZM 2/50",
          "year": "2022",
        },
        "coverImage": "https://shdw-drive.genesysgo.net/52zh6ZjiUQ5UKCwLBwob2k1BC3KF2qhvsE7V4e8g2pmD/Shibuya%20After%20Dark.jpg",
        "description": "As the night falls and the streets become emptier, neon lights emerge from the darkness bringing electrifying life to billboards, signs, buildings, storefront. It’s this vibrant light that mesemerizes anyone who sees it, becoming a tattoo imprinted in the back of their memories.",
        "id": "63MaMkRVQUYFyJaL9jUkvZ97BTBRm65oEU6Fg2tB79oC",
        "media": "https://shdw-drive.genesysgo.net/52zh6ZjiUQ5UKCwLBwob2k1BC3KF2qhvsE7V4e8g2pmD/Shibuya%20After%20Dark.jpg",
        "name": "Shibuya After Dark",
        "type": "image/jpeg",
      },
      {
        "attributes": {
          "artist": "@peblo69 and @Gustevo420",
          "collection": "Cets",
          "drop": "14",
          "presented_by": "@solanaspaces",
        },
        "coverImage": "https://shdw-drive.genesysgo.net/52zh6ZjiUQ5UKCwLBwob2k1BC3KF2qhvsE7V4e8g2pmD/up_only_cet.jpg",
        "description": "Hope, that anchors us in the face of uncertainty and drives us towards a better tomorrow!!",
        "id": "CwE82U6WbmuqHJ1YJTc1SggTYE4CDbDS4SSyVPbds7X5",
        "media": "https://shdw-drive.genesysgo.net/52zh6ZjiUQ5UKCwLBwob2k1BC3KF2qhvsE7V4e8g2pmD/up_only_cet.jpg",
        "name": "The UP Only Cet",
        "type": "image/jpeg",
      },
      {
        "attributes": {
          "artist": "@itsdaramola",
          "drop": "16",
          "presented_by": "@solanaspaces",
        },
        "coverImage": "https://shdw-drive.genesysgo.net/52zh6ZjiUQ5UKCwLBwob2k1BC3KF2qhvsE7V4e8g2pmD/eaa68e59-b79c-46cb-b246-064d85cf3af7-Metropolis%20Cover.JPG",
        "description": "Art should comfort the disturbed and disturb the comfortable.",
        "id": "FoVavXQyey9YDt6HBwwA242EFSedfKwJww8p8ArMncN2",
        "media": "https://shdw-drive.genesysgo.net/52zh6ZjiUQ5UKCwLBwob2k1BC3KF2qhvsE7V4e8g2pmD/eaa68e59-b79c-46cb-b246-064d85cf3af7-Metropolis%20Cover.JPG",
        "name": "Metropolis",
        "type": "image/jpeg",
      },
      {
        "attributes": {
          "artist": "@flagmonkez",
          "clothing": "Jacket",
          "drop": "15",
          "gender": "Female",
          "head": "Pilot Hat",
          "presented_by": "@solanaspaces",
          "type": "2",
        },
        "coverImage": "https://shdw-drive.genesysgo.net/52zh6ZjiUQ5UKCwLBwob2k1BC3KF2qhvsE7V4e8g2pmD/Female-2-Jacket-PilotHat.png",
        "description": "A PFP from @flagmonkez and @solanaspaces.",
        "id": "HCfXq6ZSgg4Rju7S1DRjXFm1HSx4AykdzccqpiXMUNZ8",
        "media": "https://shdw-drive.genesysgo.net/52zh6ZjiUQ5UKCwLBwob2k1BC3KF2qhvsE7V4e8g2pmD/Female-2-Jacket-PilotHat.png",
        "name": "Rivals #32",
        "type": "image/png",
      },
    ],
    "folderName": "@solanaspaces",
  },
  {
    "collectables": [
      {
        "attributes": {},
        "coverImage": "https://nfts.dialect.to/rooniverse/puke-static.png",
        "description": "Puke, from the Rooniverse Sticker Collection",
        "id": "BB3Fg7fupLjqrfsHvWBtSYsUfCKe7T4c6mMAhuwo1vu",
        "media": "https://nfts.dialect.to/rooniverse/puke-static.png",
        "name": "Puke",
        "type": "image/png",
      },
      {
        "attributes": {},
        "coverImage": "https://nfts.dialect.to/foursixsix-happy-thoughts/money-static.png",
        "description": "Money, from the Happy Thoughts by Foursixsix Sticker Collection",
        "id": "UnKbAVrgW4uVT4wyg9gqm4Xtsv7V1218ZU9Ckv72KA9",
        "media": "https://nfts.dialect.to/foursixsix-happy-thoughts/money-static.png",
        "name": "Money",
        "type": "image/png",
      },
      {
        "attributes": {},
        "coverImage": "https://nfts.dialect.to/foursixsix-happy-thoughts/fire-static.png",
        "description": "Fire, from the Happy Thoughts by Foursixsix Sticker Collection",
        "id": "4Qqu5jM1Z4MRiMjVapdmeYZYVxkDR6qFivaZaY8Us5xQ",
        "media": "https://nfts.dialect.to/foursixsix-happy-thoughts/fire-static.png",
        "name": "Fire",
        "type": "image/png",
      },
      {
        "attributes": {},
        "coverImage": "https://nfts.dialect.to/foursixsix-happy-thoughts/heart-static.png",
        "description": "Heart, from the Happy Thoughts by Foursixsix Sticker Collection",
        "id": "4iSLRwaMoxC6FH2sQQdn4cY2JKU4QpJZYwnZhD5io5c8",
        "media": "https://nfts.dialect.to/foursixsix-happy-thoughts/heart-static.png",
        "name": "Heart",
        "type": "image/png",
      },
      {
        "attributes": {},
        "coverImage": "https://nfts.dialect.to/solana-grizzlython/wen-muimooi-static.png",
        "description": "WEN, by Muimooi from the Grizzlython Community Sticker Collection",
        "id": "5z4o6LmiY9rXbaG5opAnvpavW5mYhtR4hcj9KcYBRa2c",
        "media": "https://nfts.dialect.to/solana-grizzlython/wen-muimooi-static.png",
        "name": "WEN (Muimooi)",
        "type": "image/png",
      },
      {
        "attributes": {},
        "coverImage": "https://nfts.dialect.to/solana-grizzlython/grin-and-bear-it-mkay-ultra-static.png",
        "description": "Grin and Bear It, by Mkay Ultra from the Grizzlython Community Sticker Collection",
        "id": "6LWWqihcMdeiLTXdaAVLcHLiy9QF3QHxyogFHiEYQZMh",
        "media": "https://nfts.dialect.to/solana-grizzlython/grin-and-bear-it-mkay-ultra-static.png",
        "name": "Grin and Bear It (Mkay Ultra)",
        "type": "image/png",
      },
      {
        "attributes": {},
        "coverImage": "https://nfts.dialect.to/numa-polychrome/yeah-nah-static.png",
        "description": "Yeah&Nah, from the Polychrome by Numa Sticker Collection",
        "id": "6osPqku261T1wsVsC7tSXwV48zCXtPfLumh5TRLW7RZE",
        "media": "https://nfts.dialect.to/numa-polychrome/yeah-nah-static.png",
        "name": "Yeah&Nah",
        "type": "image/png",
      },
      {
        "attributes": {},
        "coverImage": "https://nfts.dialect.to/solana-grizzlython/can-devs-do-something-bangerz-static.png",
        "description": "Can Devs Do Smth, by Bangerz from the Grizzlython Community Sticker Collection",
        "id": "6piXmBeXngUZ4g9LCZD9LdRJUNSFZEBS9wr5kLrKBMCS",
        "media": "https://nfts.dialect.to/solana-grizzlython/can-devs-do-something-bangerz-static.png",
        "name": "Can Devs Do Smth (Bangerz)",
        "type": "image/png",
      },
      {
        "attributes": {},
        "coverImage": "https://nfts.dialect.to/rooniverse/fat-evil.png",
        "description": "Fat Evil, from the Rooniverse Sticker Collection",
        "id": "6ytuKDa9oBghh1bkzskRbnqUE2UEGREi1cc6cNCYWr41",
        "media": "https://nfts.dialect.to/rooniverse/fat-evil.png",
        "name": "Fat Evil",
        "type": "image/png",
      },
      {
        "attributes": {},
        "coverImage": "https://nfts.dialect.to/rooniverse/headshake-static.png",
        "description": "Headshake, from the Rooniverse Sticker Collection",
        "id": "7wn8sEJfE257mRauNzrGHURG37zmSnKq5YEGX8grAqab",
        "media": "https://nfts.dialect.to/rooniverse/headshake-static.png",
        "name": "Headshake",
        "type": "image/png",
      },
      {
        "attributes": {},
        "coverImage": "https://nfts.dialect.to/solana-grizzlython/shake-shake-joiceloo-static.png",
        "description": "Shake Shake, by Joiceloo from the Grizzlython Community Sticker Collection",
        "id": "8w276d83ECw8C9x6fADRHLxTxYbhzbhQzR5fmcgBnU9t",
        "media": "https://nfts.dialect.to/solana-grizzlython/shake-shake-joiceloo-static.png",
        "name": "Shake Shake (Joiceloo)",
        "type": "image/png",
      },
      {
        "attributes": {},
        "coverImage": "https://nfts.dialect.to/rooniverse/wen-static.png",
        "description": "Wen, from the Rooniverse Sticker Collection",
        "id": "9BA7aS4Fi5U7guLHP3Us3eVqAvorFmFKqeMiV5gjiuZW",
        "media": "https://nfts.dialect.to/rooniverse/wen-static.png",
        "name": "Wen",
        "type": "image/png",
      },
      {
        "attributes": {},
        "coverImage": "https://dialect-file-storage.s3.us-west-2.amazonaws.com/stickers/marculino-pixel-pack/love-static.png",
        "description": "Love, from the Pixel Pack by Marculino.png Sticker Collection",
        "id": "AeFrsDMUGgcfgVeK2nqDjBTr9udgsztFjuczoHWbyvE2",
        "media": "https://dialect-file-storage.s3.us-west-2.amazonaws.com/stickers/marculino-pixel-pack/love-static.png",
        "name": "Love",
        "type": "image/png",
      },
      {
        "attributes": {},
        "coverImage": "https://nfts.dialect.to/numa-polychrome/no-way-static.png",
        "description": "No Way, from the Polychrome by Numa Sticker Collection",
        "id": "B8FhU9ZKiuquxGxKSAdrzboBNnkpLoUQXhdp7xhyvsZq",
        "media": "https://nfts.dialect.to/numa-polychrome/no-way-static.png",
        "name": "No Way!",
        "type": "image/png",
      },
      {
        "attributes": {},
        "coverImage": "https://nfts.dialect.to/dialect-welcome-pack/gm-nolegs-static.png",
        "description": "gm, by Nolegs from the Welcome Pack Sticker Collection",
        "id": "BfRNQRXaVPKADWPioZUc2ASKiidxv4t8dbkWbkZPX8L6",
        "media": "https://nfts.dialect.to/dialect-welcome-pack/gm-nolegs-static.png",
        "name": "gm (Nolegs)",
        "type": "image/png",
      },
      {
        "attributes": {},
        "coverImage": "https://dialect-file-storage.s3.us-west-2.amazonaws.com/stickers/marculino-pixel-pack/gm-static.png",
        "description": "gm, from the Pixel Pack by Marculino.png Sticker Collection",
        "id": "BhCeWXb5KDDtzuv3hzcqbipH69TYuGBEDCLAqhZ3hrk9",
        "media": "https://dialect-file-storage.s3.us-west-2.amazonaws.com/stickers/marculino-pixel-pack/gm-static.png",
        "name": "gm",
        "type": "image/png",
      },
      {
        "attributes": {},
        "coverImage": "https://nfts.dialect.to/rooniverse/heck-you-static.png",
        "description": "Heck You, from the Rooniverse Sticker Collection",
        "id": "CWima2ng43L5ApFNSZTejCm73YX6SrNA4mjMY4ULPWqZ",
        "media": "https://nfts.dialect.to/rooniverse/heck-you-static.png",
        "name": "Heck You",
        "type": "image/png",
      },
      {
        "attributes": {},
        "coverImage": "https://nfts.dialect.to/solana-grizzlython/lfg-sirius-crocodile-static.png",
        "description": "LFG, by Sirius Crocodile from the Grizzlython Community Sticker Collection",
        "id": "DPHaogAxwRZCY9s1btNQfzAHBvTDbqmFb6WWNP4J7qqC",
        "media": "https://nfts.dialect.to/solana-grizzlython/lfg-sirius-crocodile-static.png",
        "name": "LFG (Sirius Crocodile)",
        "type": "image/png",
      },
      {
        "attributes": {},
        "coverImage": "https://dialect-file-storage.s3.us-west-2.amazonaws.com/stickers/marculino-pixel-pack/pray-static.png",
        "description": "Pray, from the Pixel Pack by Marculino.png Sticker Collection",
        "id": "ECzbd7Ary8n22TyLZ2A5LMVttGQyiWt4V9rZMpzk9XwC",
        "media": "https://dialect-file-storage.s3.us-west-2.amazonaws.com/stickers/marculino-pixel-pack/pray-static.png",
        "name": "Pray",
        "type": "image/png",
      },
      {
        "attributes": {},
        "coverImage": "https://nfts.dialect.to/solana-grizzlython/angry-at-the-bear-market-basically-static.png",
        "description": "Bear Market, by Basically from the Grizzlython Community Sticker Collection",
        "id": "EFas7SNtLJ9YRpUbCuVhAfxWuadxBr2L2BGWzLKCYBir",
        "media": "https://nfts.dialect.to/solana-grizzlython/angry-at-the-bear-market-basically-static.png",
        "name": "Bear Market (Basically)",
        "type": "image/png",
      },
      {
        "attributes": {},
        "coverImage": "https://nfts.dialect.to/solana-grizzlython/got-sol-trev-el-viz-static.png",
        "description": "Got SOL, by Trev El Viz from the Grizzlython Community Sticker Collection",
        "id": "ET3LwnLaLNVrzLPayGHxTdeGnDkJPpeUt52G2etwFQUa",
        "media": "https://nfts.dialect.to/solana-grizzlython/got-sol-trev-el-viz-static.png",
        "name": "Got SOL (Trev El Viz)",
        "type": "image/png",
      },
      {
        "attributes": {},
        "coverImage": "https://nfts.dialect.to/solana-grizzlython/cry-laugh-red-panda-jesus-static.png",
        "description": "Cry Laugh, by Red Panda Jesus from the Grizzlython Community Sticker Collection",
        "id": "GakpZirNgmSGygHYKrjca1JJ69jATmYYi2EKGNSccqrW",
        "media": "https://nfts.dialect.to/solana-grizzlython/cry-laugh-red-panda-jesus-static.png",
        "name": "Cry Laugh (Red Panda Jesus)",
        "type": "image/png",
      },
      {
        "attributes": {},
        "coverImage": "https://nfts.dialect.to/solana-grizzlython/sonic-boom-foursixsix-static.png",
        "description": "Sonic Boom, by Foursixsix from the Grizzlython Community Sticker Collection",
        "id": "HBEdqP2RHYPksAdVp2ocLviwt2BakYsfNHZpWQuWSLZ3",
        "media": "https://nfts.dialect.to/solana-grizzlython/sonic-boom-foursixsix-static.png",
        "name": "Sonic Boom (Foursixsix)",
        "type": "image/png",
      },
      {
        "attributes": {},
        "coverImage": "https://nfts.dialect.to/rooniverse/moonwalk-static.png",
        "description": "Moonwalk, from the Rooniverse Sticker Collection",
        "id": "HhRTMfR1imrd5hxEEBReCbGt1gSi75tHCVyCxjJxsw7T",
        "media": "https://nfts.dialect.to/rooniverse/moonwalk-static.png",
        "name": "Moonwalk",
        "type": "image/png",
      },
    ],
    "folderName": "Stickers",
  },
  {
    "collectables": [
      {
        "attributes": {
          "artist": "@nofuckenface",
          "drop": "20",
          "presented_by": "@drip_haus",
        },
        "coverImage": "https://shdw-drive.genesysgo.net/52zh6ZjiUQ5UKCwLBwob2k1BC3KF2qhvsE7V4e8g2pmD/animation.gif",
        "description": "A digital glitch in time.",
        "id": "2B53FsSNT5eKZpqKgbNyzqCehDugNUzW6BYyTvVFxSjF",
        "media": "https://shdw-drive.genesysgo.net/52zh6ZjiUQ5UKCwLBwob2k1BC3KF2qhvsE7V4e8g2pmD/animation.gif",
        "name": "TELEPORT2",
        "type": "image/gif",
      },
      {
        "attributes": {
          "artist": "@Gossip_Goblin",
          "drop": "23",
          "presented_by": "@drip_haus",
        },
        "coverImage": "https://shdw-drive.genesysgo.net/52zh6ZjiUQ5UKCwLBwob2k1BC3KF2qhvsE7V4e8g2pmD/Tarsier%20Viking.png",
        "description": "An ominous Tarsier Viking, wielding a mighty club.",
        "id": "4ZhafBR9ZWswGLjpmEw6cmPdE1tkQUgLt1gC2exu17EF",
        "media": "https://shdw-drive.genesysgo.net/52zh6ZjiUQ5UKCwLBwob2k1BC3KF2qhvsE7V4e8g2pmD/Tarsier%20Viking.png",
        "name": "The Tarsier Viking",
        "type": "image/png",
      },
      {
        "attributes": {
          "artist": "@particlesnft",
          "artist 1": "@bangerzNFT",
          "artist 2": "@Artlv12",
          "artist 3": "@muimooi",
          "drop": "22",
          "presented_by": "@drip_haus",
          "spirit": "Lucid",
        },
        "coverImage": "https://shdw-drive.genesysgo.net/52zh6ZjiUQ5UKCwLBwob2k1BC3KF2qhvsE7V4e8g2pmD/1.%20Static%20Banner%20-%20Common.png",
        "description": "The origin of HYPERZ.",
        "id": "BdSx1qoUt2Z3xaUndjHyaW6PRSjNWXPpBjU8ifsHGviy",
        "media": "https://shdw-drive.genesysgo.net/52zh6ZjiUQ5UKCwLBwob2k1BC3KF2qhvsE7V4e8g2pmD/1.%20Static%20Banner%20-%20Common.png",
        "name": "The Nova",
        "type": "image/png",
      },
      {
        "attributes": {
          "artist": "@laurence_antony",
          "drop": "21",
          "presented_by": "@drip_haus",
        },
        "coverImage": "https://shdw-drive.genesysgo.net/52zh6ZjiUQ5UKCwLBwob2k1BC3KF2qhvsE7V4e8g2pmD/Chimera.jpg",
        "description": "An insecure Chimera.",
        "id": "DNBeY6qu6UnMmZjNRP9LF4ieMu9FP4U2NUvnwt71YGtc",
        "media": "https://shdw-drive.genesysgo.net/52zh6ZjiUQ5UKCwLBwob2k1BC3KF2qhvsE7V4e8g2pmD/Chimera.jpg",
        "name": "Chimera",
        "type": "image/jpeg",
      },
    ],
    "folderName": "@drip_haus",
  },
]
`;
