// Jest Snapshot v1, https://goo.gl/fbAQLP

exports[`dialect Getting receipts from messages 1`] = `
{
  "buildId": Any<String>,
  "gsp": true,
  "isFallback": false,
  "page": "/receipt/[receiptId]",
  "props": {
    "__N_SSG": true,
    "pageProps": {
      "dev": false,
      "order": {
        "attemptedPaymentNum": 1,
        "cashier": "Tessa",
        "creationTime": 1667678976911,
        "discount": 0,
        "discountBreakdown": {
          "solana-or-not-financial-advice-tee": {
            "appliedDiscountNFTName": "",
            "appliedDiscountPubKey": "",
            "appliedDiscountUSD": 0,
            "isMaxDiscount": false,
          },
        },
        "discountItem": {},
        "email": "",
        "fiatTotal": 32,
        "functionError": null,
        "gateway": "solana_counter",
        "id": "qqS5qxxEjMg7mSup0rBI",
        "items": [
          {
            "addOns": [
              {
                "categorySlug": "solana-or-not-financial-advice-tee-variants",
                "externalId": "4AGMD3ZOHMU3J5V5XGCGUMFO",
                "id": "solana-or-not-financial-advice-tee-medium-white",
                "name": "Medium, White",
                "price": {
                  "currencyCode": "usd",
                  "value": 32,
                },
                "sku": "695202K",
                "slug": "solana-or-not-financial-advice-tee-medium-white",
                "status": "publish",
                "stock": 87,
              },
            ],
            "candyMachineId": "",
            "externalId": "VJ6CQI2ABZUOKZMVO44KYDB2",
            "image": "https://items-images-production.s3.us-west-2.amazonaws.com/files/48b95aff5cbfc2087daeac70e1037728f4180867/original.png",
            "orderQuantity": 1,
            "productId": "solana-or-not-financial-advice-tee",
            "productName": "Solana | Not Financial Advice Tee",
            "specialInstructions": "",
            "taxIds": [
              "YX7PHIKISGZU53WNHSFE6BT6",
            ],
            "toAmount": 0,
            "type": "product",
            "unitPrice": 32,
          },
        ],
        "name": "Admin",
        "nativeTotal": 0,
        "orderReference": "A64u27MpYAYNJvpgnKjEHwTuJBBNfNphco4f46S752ZA",
        "payingPubKey": "5FHwkrdxntdK24hgQU8qgBjn35Y1zwhz1GZwCkP2UJnM",
        "paymentStatus": "paid",
        "phoneNumber": "",
        "refundStatus": "notRefunded",
        "requireSquareSync": true,
        "restaurantId": "mtJcsdB9ETLJdmjrOLff",
        "squareOrderId": "hhe5I60wV1ZqHrU4ge5vFrR03QSZY",
        "squarePaymentId": "LNkSvZUuVADHFaAXHpFoS3uqEt9YY",
        "squarePaymentIds": [
          "LNkSvZUuVADHFaAXHpFoS3uqEt9YY",
        ],
        "status": "completed",
        "subtotal": 32,
        "table": "",
        "tax": 0,
        "tip": 0,
        "total": 32,
        "txOutcome": {
          "err": "",
          "outcome": true,
          "tx": "2Wgzyv1fFFiF4jd8ckPvSJa2eRBHF7pj3wbeTpEzMvqzpfx1jpUgWUZbJW9h915rxWccNqZ9ksFjP7PVVckArZtX",
        },
      },
      "shop": {
        "contact": {
          "name": "Solana Spaces Breakpoint",
          "number": "",
        },
        "logoUri": {
          "cdn": "https://ik.imagekit.io/r3y94jb5zai/firebasePROD/o/images%2Fusers%2FMZcVyOrfU8dWUd7U5lKVWDAJX1k1%2Flogo%2F4b8ce112-0a84-4f26-a3f7-6b094f46635a-Solana_logo.png?alt=media",
          "firebase": "https://firebasestorage.googleapis.com/v0/b/decaf-c57a3.appspot.com/o/images%2Fusers%2FMZcVyOrfU8dWUd7U5lKVWDAJX1k1%2Flogo%2F4b8ce112-0a84-4f26-a3f7-6b094f46635a-Solana_logo.png?alt=media",
        },
        "name": "Solana Spaces Breakpoint",
        "notifications": [
          {
            "id": "DhF84xpim3cPL53vcNRNfJByBKNn73jTaAghSpe3DwRH",
            "priority": 1,
            "text": "Wallet balance is low for Breakpoint Prod Fee Payer",
            "time": 1667844487802,
          },
          {
            "id": "DhF84xpim3cPL53vcNRNfJByBKNn73jTaAghSpe3DwRH",
            "priority": 1,
            "text": "Wallet balance is low for Breakpoint Prod Fee Payer",
            "time": 1667934392665,
          },
        ],
        "settings": {
          "acceptBitcoin": false,
          "acceptCard": false,
          "acceptCash": true,
          "acceptSolana": true,
          "acceptSolanaCounterWalletPayment": false,
          "acceptSolanaInAppWalletPayment": false,
          "activeOrdering": false,
          "bitcoinAddress": "",
          "currency": {
            "id": "usd",
            "name": "USD",
          },
          "exchangeFeePercentageCard": 0,
          "exchangeFeePercentageCash": 0,
          "exchangeWallet": {
            "walletLabel": "Breakpoint Prod Fee Payer",
            "walletPublicKey": "DhF84xpim3cPL53vcNRNfJByBKNn73jTaAghSpe3DwRH",
          },
          "isExchangeActive": true,
          "require2FA": false,
          "requireSquareSync": true,
          "requireTable": false,
          "solanaAddress": "4iDRFnp2N4UAsZEePHAxs7ozBanQcGtLYd12HG2HJm4s",
          "solanaWalletFeePayer": {
            "walletLabel": "Breakpoint Prod Fee Payer",
            "walletPublicKey": "DhF84xpim3cPL53vcNRNfJByBKNn73jTaAghSpe3DwRH",
          },
          "taxPercentage": 0,
          "taxes": [],
          "tippingPercentage": 0,
          "transactionFeesPaidFor": true,
        },
        "slug": "spacesbreakpoint",
      },
    },
  },
  "query": {
    "receiptId": "XgVU1qK4i4zXKanjHZpr",
  },
  "scriptLoader": [],
}
`;
